com\danang\railway\scheduler\MatLienLacScheduler.class
com\danang\railway\dto\ApiResponse$ApiResponseBuilder.class
com\danang\railway\entity\LichTrinh$LichTrinhBuilder.class
com\danang\railway\entity\NhatKy$NhatKyBuilder.class
com\danang\railway\entity\DuongRay.class
com\danang\railway\dto\LoginResponse$LoginResponseBuilder.class
com\danang\railway\repository\TuyenDuongRepository.class
com\danang\railway\service\XacNhanTauService.class
com\danang\railway\controller\LichTrinhController.class
com\danang\railway\security\JwtAuthFilter.class
com\danang\railway\entity\Tau.class
com\danang\railway\entity\Ga$GaBuilder.class
com\danang\railway\controller\AuthController.class
com\danang\railway\repository\ChiDaoRepository.class
com\danang\railway\entity\KeHoachDacBiet$KeHoachDacBietBuilder.class
com\danang\railway\security\JwtUtils.class
com\danang\railway\entity\Tau$TauBuilder.class
com\danang\railway\entity\ChiDao.class
com\danang\railway\repository\GaTuyenRepository.class
com\danang\railway\entity\GaTuyen$GaTuyenBuilder.class
com\danang\railway\RailwayManagementApplication.class
com\danang\railway\service\SuCoService.class
com\danang\railway\repository\TauRepository.class
com\danang\railway\entity\ChuyenTau$ChuyenTauBuilder.class
com\danang\railway\entity\TuyenDuong.class
com\danang\railway\dto\ApiResponse.class
com\danang\railway\entity\LichTrinh.class
com\danang\railway\entity\NhatKy.class
com\danang\railway\controller\SuCoKeHoachController.class
com\danang\railway\entity\GaTuyenId.class
com\danang\railway\entity\TuyenDuong$TuyenDuongBuilder.class
com\danang\railway\entity\DuongRay$DuongRayBuilder.class
com\danang\railway\dto\LoginResponse.class
com\danang\railway\repository\DuongRayRepository.class
com\danang\railway\repository\GaRepository.class
com\danang\railway\dto\LoginRequest.class
com\danang\railway\repository\SuCoRepository.class
com\danang\railway\controller\XacNhanTauController.class
com\danang\railway\repository\LichTrinhRepository.class
com\danang\railway\controller\AdminController.class
com\danang\railway\repository\ChuyenTauRepository.class
com\danang\railway\entity\ChuyenTau.class
com\danang\railway\entity\SuCo.class
com\danang\railway\entity\Ga.class
com\danang\railway\entity\SuCo$SuCoBuilder.class
com\danang\railway\entity\TaiKhoan.class
com\danang\railway\config\SecurityConfig.class
com\danang\railway\entity\KeHoachDacBiet.class
com\danang\railway\repository\TaiKhoanRepository.class
com\danang\railway\dto\XacNhanTauRequest.class
com\danang\railway\entity\ChiDao$ChiDaoBuilder.class
com\danang\railway\entity\TaiKhoan$TaiKhoanBuilder.class
com\danang\railway\entity\GaTuyen.class
com\danang\railway\repository\NhatKyRepository.class
com\danang\railway\repository\KeHoachDacBietRepository.class
com\danang\railway\controller\SuCoController.class
